[dotenv@17.2.3] injecting env (0) from .env -- tip: ≡ƒöÉ prevent committing .env to code: https://dotenvx.com/precommit
[dotenv@17.2.3] injecting env (0) from .env -- tip: ≡ƒöÉ prevent committing .env to code: https://dotenvx.com/precommit
Testing Gemini Quiz Generation...
API Key present: false
node : Error 
generating quiz: Googl
eGenerativeAIFetchErro
r: 
[GoogleGenerativeAI 
Error]: Error 
fetching from https://
generativelanguage.goo
gleapis.com/v1beta/mod
els/gemini-1.5-flash:g
enerateContent: [400 
Bad Request] API key 
not valid. Please 
pass a valid API key. 
[{"@type":"type.google
apis.com/google.rpc.Er
rorInfo","reason":"API
_KEY_INVALID","domain"
:"googleapis.com","met
adata":{"service":"gen
erativelanguage.google
apis.com"}},{"@type":"
type.googleapis.com/go
ogle.rpc.LocalizedMess
age","locale":"en-US",
"message":"API key 
not valid. Please 
pass a valid API 
key."}]
At line:1 char:1
+ node backend/test-ge
mini-integration.js > 
test_output.txt 2>&1
+ ~~~~~~~~~~~~~~~~~~~~
~~~~~~~~~~~~~~~~~~~~~~
~~~~~~~~~~~~~~~~~~~~
    + CategoryInfo    
          : NotSpeci  
  fied: (Error gene   
 ratin...lid API k    
ey."}]:String) []    
, RemoteException
    + FullyQualifiedE 
   rrorId : NativeCo  
  mmandError
 
    at 
handleResponseNotOk (C
:\Users\rohit\OneDrive
\Desktop\EcoFarming\ba
ckend\node_modules\@go
ogle\generative-ai\dis
t\index.js:434:11)
    at process.process
TicksAndRejections (no
de:internal/process/ta
sk_queues:105:5)
    at async 
makeRequest (C:\Users\
rohit\OneDrive\Desktop
\EcoFarming\backend\no
de_modules\@google\gen
erative-ai\dist\index.
js:403:9)
    at async 
generateContent (C:\Us
ers\rohit\OneDrive\Des
ktop\EcoFarming\backen
d\node_modules\@google
\generative-ai\dist\in
dex.js:867:22)
    at async 
generateQuizQuestions 
(C:\Users\rohit\OneDri
ve\Desktop\EcoFarming\
backend\src\services\g
eminiService.js:27:24)
    at async test (C:\
Users\rohit\OneDrive\D
esktop\EcoFarming\back
end\test-gemini-integr
ation.js:9:27) {
  status: 400,
  statusText: 'Bad 
Request',
  errorDetails: [
    {
      '@type': 'type.g
oogleapis.com/google.r
pc.ErrorInfo',
      reason: 
'API_KEY_INVALID',
      domain: 
'googleapis.com',
      metadata: 
[Object]
    },
    {
      '@type': 'type.g
oogleapis.com/google.r
pc.LocalizedMessage',
      locale: 'en-US',
      message: 'API 
key not valid. Please 
pass a valid API key.'
    }
  ]
}
Test Failed: Error: 
Failed to generate 
quiz questions
    at 
generateQuizQuestions 
(C:\Users\rohit\OneDri
ve\Desktop\EcoFarming\
backend\src\services\g
eminiService.js:37:15)
    at process.process
TicksAndRejections (no
de:internal/process/ta
sk_queues:105:5)
    at async test (C:\
Users\rohit\OneDrive\D
esktop\EcoFarming\back
end\test-gemini-integr
ation.js:9:27)
